====================================================================================================
SNR-STRATIFIED ang_MAE — final epoch, all models, all periodic heads (REDO)
N terciles = 3, validation samples = 5000
====================================================================================================

────────────────────────────────────────────────────────────────────────────────────────────────────
  MODEL: poc_a (baseline)
────────────────────────────────────────────────────────────────────────────────────────────────────
  Building model from runs/phic_psi_poc_redo_a/20260915_051948 ...
  Predicting on 5000 samples ...

  coa_phase (period=6.2832, null=1.5708):
  Tercile    SNR range                   N    ang_MAE   circ_r    vs null
  ────────── ────────────────────── ────── ────────── ──────── ──────────
  Low        [7.0, 9.6]        1666     1.5686   0.4498   +0.0022 ▼
  Mid        [9.7, 12.3]        1666     1.5521   0.5792   +0.0187 ▼
  High       [12.3, 15.0]        1668     1.6001   0.6349   -0.0293 ▲
  ALL        —                        5000     1.5736   0.5315   -0.0028
  Improve with SNR? NO

  polarization_angle (period=3.1416, null=0.7854):
  Tercile    SNR range                   N    ang_MAE   circ_r    vs null
  ────────── ────────────────────── ────── ────────── ──────── ──────────
  Low        [7.0, 9.6]        1666     0.7859   0.9916   -0.0005 ▲
  Mid        [9.7, 12.3]        1666     0.7833   0.9711   +0.0021 ▼
  High       [12.3, 15.0]        1668     0.7858   0.9439   -0.0004 ▲
  ALL        —                        5000     0.7850   0.9656   +0.0004
  Improve with SNR? partial

  inclination (period=6.2832, null=1.5708):
  Tercile    SNR range                   N    ang_MAE   circ_r    vs null
  ────────── ────────────────────── ────── ────────── ──────── ──────────
  Low        [7.0, 9.6]        1666     1.5332   0.6958   +0.0375 ▼
  Mid        [9.7, 12.3]        1666     1.5731   0.5937   -0.0023 ▲
  High       [12.3, 15.0]        1668     1.5419   0.5204   +0.0289 ▼
  ALL        —                        5000     1.5494   0.6026   +0.0214
  Improve with SNR? NO

────────────────────────────────────────────────────────────────────────────────────────────────────
  MODEL: poc_b (PoC)
────────────────────────────────────────────────────────────────────────────────────────────────────
  Building model from runs/phic_psi_poc_redo_b/20260915_061008 ...
  Predicting on 5000 samples ...

  coa_phase (period=6.2832, null=1.5708):
  Tercile    SNR range                   N    ang_MAE   circ_r    vs null
  ────────── ────────────────────── ────── ────────── ──────── ──────────
  Low        [7.0, 9.6]        1666     1.5382   0.9889   +0.0326 ▼
  Mid        [9.7, 12.3]        1666     1.5729   0.9708   -0.0021 ▲
  High       [12.3, 15.0]        1668     1.6036   0.9554   -0.0328 ▲
  ALL        —                        5000     1.5716   0.9713   -0.0008
  Improve with SNR? NO

  polarization_angle (period=3.1416, null=0.7854):
  Tercile    SNR range                   N    ang_MAE   circ_r    vs null
  ────────── ────────────────────── ────── ────────── ──────── ──────────
  Low        [7.0, 9.6]        1666     0.7865   0.9999   -0.0011 ▲
  Mid        [9.7, 12.3]        1666     0.7832   0.9999   +0.0022 ▼
  High       [12.3, 15.0]        1668     0.7815   1.0000   +0.0039 ▼
  ALL        —                        5000     0.7837   0.9999   +0.0017
  Improve with SNR? YES (monotonic)

  inclination (period=6.2832, null=1.5708):
  Tercile    SNR range                   N    ang_MAE   circ_r    vs null
  ────────── ────────────────────── ────── ────────── ──────── ──────────
  Low        [7.0, 9.6]        1666     1.5439   0.5650   +0.0269 ▼
  Mid        [9.7, 12.3]        1666     1.5471   0.5042   +0.0237 ▼
  High       [12.3, 15.0]        1668     1.5433   0.5472   +0.0275 ▼
  ALL        —                        5000     1.5448   0.5342   +0.0260
  Improve with SNR? partial

────────────────────────────────────────────────────────────────────────────────────────────────────
  MODEL: tcn
────────────────────────────────────────────────────────────────────────────────────────────────────
  Building model from runs/phic_psi_redo_tcn/20260915_064106 ...
  Predicting on 5000 samples ...

  coa_phase (period=6.2832, null=1.5708):
  Tercile    SNR range                   N    ang_MAE   circ_r    vs null
  ────────── ────────────────────── ────── ────────── ──────── ──────────
  Low        [7.0, 9.6]        1666     1.6321   0.8799   -0.0613 ▲
  Mid        [9.7, 12.3]        1666     1.5739   0.8467   -0.0031 ▲
  High       [12.3, 15.0]        1668     1.5499   0.8390   +0.0209 ▼
  ALL        —                        5000     1.5853   0.8363   -0.0145
  Improve with SNR? YES (monotonic)

  polarization_angle (period=3.1416, null=0.7854):
  Tercile    SNR range                   N    ang_MAE   circ_r    vs null
  ────────── ────────────────────── ────── ────────── ──────── ──────────
  Low        [7.0, 9.6]        1666     0.7902   0.7393   -0.0048 ▲
  Mid        [9.7, 12.3]        1666     0.7964   0.6640   -0.0110 ▲
  High       [12.3, 15.0]        1668     0.7776   0.7664   +0.0078 ▼
  ALL        —                        5000     0.7881   0.6288   -0.0027
  Improve with SNR? partial

  inclination (period=6.2832, null=1.5708):
  Tercile    SNR range                   N    ang_MAE   circ_r    vs null
  ────────── ────────────────────── ────── ────────── ──────── ──────────
  Low        [7.0, 9.6]        1666     1.5296   0.5570   +0.0412 ▼
  Mid        [9.7, 12.3]        1666     1.5621   0.4213   +0.0087 ▼
  High       [12.3, 15.0]        1668     1.5284   0.3175   +0.0424 ▼
  ALL        —                        5000     1.5400   0.4315   +0.0308
  Improve with SNR? partial

────────────────────────────────────────────────────────────────────────────────────────────────────
  MODEL: cnn_attention
────────────────────────────────────────────────────────────────────────────────────────────────────
  Building model from runs/phic_psi_redo_cnn_attention/20260915_054256 ...
  Predicting on 5000 samples ...

  coa_phase (period=6.2832, null=1.5708):
  Tercile    SNR range                   N    ang_MAE   circ_r    vs null
  ────────── ────────────────────── ────── ────────── ──────── ──────────
  Low        [7.0, 9.6]        1666     1.6036   0.6421   -0.0328 ▲
  Mid        [9.7, 12.3]        1666     1.5771   0.5045   -0.0063 ▲
  High       [12.3, 15.0]        1668     1.6001   0.9305   -0.0293 ▲
  ALL        —                        5000     1.5936   0.3847   -0.0228
  Improve with SNR? partial

  polarization_angle (period=3.1416, null=0.7854):
  Tercile    SNR range                   N    ang_MAE   circ_r    vs null
  ────────── ────────────────────── ────── ────────── ──────── ──────────
  Low        [7.0, 9.6]        1666     0.7835   0.5477   +0.0019 ▼
  Mid        [9.7, 12.3]        1666     0.7757   0.5560   +0.0096 ▼
  High       [12.3, 15.0]        1668     0.7745   0.7384   +0.0109 ▼
  ALL        —                        5000     0.7779   0.3951   +0.0075
  Improve with SNR? YES (monotonic)

  inclination (period=6.2832, null=1.5708):
  Tercile    SNR range                   N    ang_MAE   circ_r    vs null
  ────────── ────────────────────── ────── ────────── ──────── ──────────
  Low        [7.0, 9.6]        1666     1.5345   0.6329   +0.0363 ▼
  Mid        [9.7, 12.3]        1666     1.5123   0.3419   +0.0585 ▼
  High       [12.3, 15.0]        1668     1.5402   0.2490   +0.0306 ▼
  ALL        —                        5000     1.5290   0.3172   +0.0418
  Improve with SNR? NO


====================================================================================================
SUMMARY: SNR-stratified ang_MAE — all models, all periodic heads
====================================================================================================

────────────────────────────────────────────────────────────────────────────────────────────────────
  coa_phase (null = 1.5708 rad)
────────────────────────────────────────────────────────────────────────────────────────────────────
Model                       ALL     Low SNR     Mid SNR    High SNR     improves?
---------------------------------------------------------------------------------
poc_a (baseline)         1.5736      1.5686      1.5521      1.6001            NO
poc_b (PoC)              1.5716      1.5382      1.5729      1.6036            NO
tcn                      1.5853      1.6321      1.5739      1.5499         YES ↓
cnn_attention            1.5936      1.6036      1.5771      1.6001       partial

────────────────────────────────────────────────────────────────────────────────────────────────────
  polarization_angle (null = 0.7854 rad)
────────────────────────────────────────────────────────────────────────────────────────────────────
Model                       ALL     Low SNR     Mid SNR    High SNR     improves?
---------------------------------------------------------------------------------
poc_a (baseline)         0.7850      0.7859      0.7833      0.7858       partial
poc_b (PoC)              0.7837      0.7865      0.7832      0.7815         YES ↓
tcn                      0.7881      0.7902      0.7964      0.7776       partial
cnn_attention            0.7779      0.7835      0.7757      0.7745         YES ↓

────────────────────────────────────────────────────────────────────────────────────────────────────
  inclination (null = 1.5708 rad)
────────────────────────────────────────────────────────────────────────────────────────────────────
Model                       ALL     Low SNR     Mid SNR    High SNR     improves?
---------------------------------------------------------------------------------
poc_a (baseline)         1.5494      1.5332      1.5731      1.5419            NO
poc_b (PoC)              1.5448      1.5439      1.5471      1.5433       partial
tcn                      1.5400      1.5296      1.5621      1.5284       partial
cnn_attention            1.5290      1.5345      1.5123      1.5402            NO


====================================================================================================
KEY TEST: Highest-SNR tercile ang_MAE vs null expectation
  (If even the loudest events show no improvement, the signal isn't there)
====================================================================================================

  coa_phase (null = 1.5708 rad):
  Model                    High-SNR MAE  Δ from null              verdict
  ────────────────────── ────────────── ──────────── ────────────────────
  poc_a (baseline)               1.6001      -0.0293  WORSE than baseline
  poc_b (PoC)                    1.6036      -0.0328  WORSE than baseline
  tcn                            1.5499      +0.0209     mild improvement
  cnn_attention                  1.6001      -0.0293  WORSE than baseline

  polarization_angle (null = 0.7854 rad):
  Model                    High-SNR MAE  Δ from null              verdict
  ────────────────────── ────────────── ──────────── ────────────────────
  poc_a (baseline)               0.7858      -0.0004          at baseline
  poc_b (PoC)                    0.7815      +0.0039          at baseline
  tcn                            0.7776      +0.0078           negligible
  cnn_attention                  0.7745      +0.0109           negligible

  inclination (null = 1.5708 rad):
  Model                    High-SNR MAE  Δ from null              verdict
  ────────────────────── ────────────── ──────────── ────────────────────
  poc_a (baseline)               1.5419      +0.0289     mild improvement
  poc_b (PoC)                    1.5433      +0.0275     mild improvement
  tcn                            1.5284      +0.0424     mild improvement
  cnn_attention                  1.5402      +0.0306     mild improvement


Markdown report: experiments/phic_psi_poc-redo/snr_output/snr_stratification_20260916_113730.md
Done.
