====================================================================================================
BOOTSTRAP CI ON SKY-POSITION ANGULAR SEPARATION — redo certified 4-model set
N bootstrap = 10000, validation samples = 5000
Null hypothesis: shuffling true sky positions does not change mean angular separation.
Test: one-sided — is observed separation significantly BELOW the null distribution?
====================================================================================================

----------------------------------------------------------------------------------------------------
  MODEL: poc_a (baseline)
----------------------------------------------------------------------------------------------------
  running 10000 bootstrap iterations ...
    observed mean separation = 86.6918 deg
    null mean = 90.1200 deg  null 95% CI = [89.0993, 91.1617]
    z = +6.54σ (BETTER)  p = 0.0000 ★ SIG

----------------------------------------------------------------------------------------------------
  MODEL: poc_b (PoC)
----------------------------------------------------------------------------------------------------
  running 10000 bootstrap iterations ...
    observed mean separation = 87.0208 deg
    null mean = 90.0517 deg  null 95% CI = [88.9699, 91.1449]
    z = +5.51σ (BETTER)  p = 0.0000 ★ SIG

----------------------------------------------------------------------------------------------------
  MODEL: tcn
----------------------------------------------------------------------------------------------------
  running 10000 bootstrap iterations ...
    observed mean separation = 87.1099 deg
    null mean = 89.9657 deg  null 95% CI = [88.9004, 91.0504]
    z = +5.21σ (BETTER)  p = 0.0000 ★ SIG

----------------------------------------------------------------------------------------------------
  MODEL: cnn_attention
----------------------------------------------------------------------------------------------------
  running 10000 bootstrap iterations ...
    observed mean separation = 77.5206 deg
    null mean = 90.0998 deg  null 95% CI = [89.0355, 91.1664]
    z = +23.23σ (BETTER)  p = 0.0000 ★ SIG


====================================================================================================
SUMMARY
====================================================================================================
Model                   obs (deg)  null_mean                null_CI        z        p      verdict
--------------------------------------------------------------------------------------------------
poc_a (baseline)          86.6918    90.1200         [89.10, 91.16]   +6.54   0.0000     ★ BETTER
poc_b (PoC)               87.0208    90.0517         [88.97, 91.14]   +5.51   0.0000     ★ BETTER
tcn                       87.1099    89.9657         [88.90, 91.05]   +5.21   0.0000     ★ BETTER
cnn_attention             77.5206    90.0998         [89.04, 91.17]  +23.23   0.0000     ★ BETTER

Markdown report: experiments/phic_psi_poc-redo/bootstrap_output/bootstrap_sky_separation_20260918_151359.md
Done.
