==========================================================================================
STANDALONE MULTI-STEP PERTURBATION TRACE (A.3, REDO) — stage=early, 25 steps, random-walk ref net/sum = 0.200
CALIBRATION MODE: fresh init + 200 warmup steps on the training split (per-epoch checkpoints were not saved during the runs). A working instrument must read mchirp as DIRECTIONAL here.
==========================================================================================

──────────────────────────────────────────────────────────────────────────────────────────
  MODEL: poc_a (baseline) [early]
──────────────────────────────────────────────────────────────────────────────────────────
  fresh init (seed 42); warming up 200 steps on the training split ...
  warmup done (200 steps ≈ 1.02 epochs).
    batch total loss: 5.5044 → 5.2823 (Δ = -0.2222 over 25 steps)
               coa_phase: rel/step (first 5) = [2.81e-01, 3.48e-01, 5.72e-01, 5.94e-01, 3.46e-01] ...
                          mean_cos_sim = +0.875   net/sum = 0.294   → AMBIGUOUS
                          probe Δcirc = +0.0368 ± 0.0604 (paired SE)   t = +0.61   frac improved = 0.50
      polarization_angle: rel/step (first 5) = [3.88e-01, 4.68e-01, 2.62e-01, 2.63e-01, 1.08e-01] ...
                          mean_cos_sim = +0.782   net/sum = 0.164   → AMBIGUOUS
                          probe Δcirc = -0.0371 ± 0.0436 (paired SE)   t = -0.85   frac improved = 0.52
                  mchirp: rel/step (first 5) = [7.66e-02, 7.60e-01, 1.74e+00, 6.28e-01, 3.20e-02] ...
                          mean_cos_sim = +0.457   net/sum = 0.090   → AMBIGUOUS
                          probe Δmse = -0.0264 ± 0.0319 (paired SE)   t = -0.83   frac improved = 0.53

──────────────────────────────────────────────────────────────────────────────────────────
  MODEL: poc_b (poc) [early]
──────────────────────────────────────────────────────────────────────────────────────────
  fresh init (seed 42); warming up 200 steps on the training split ...
  warmup done (200 steps ≈ 1.02 epochs).
    batch total loss: 5.0126 → 4.7177 (Δ = -0.2949 over 25 steps)
               coa_phase: rel/step (first 5) = [1.41e-01, 1.10e-01, 1.10e-01, 1.22e-01, 1.24e-01] ...
                          mean_cos_sim = +0.890   net/sum = 0.343   → AMBIGUOUS
                          probe Δcirc = +0.0334 ± 0.0494 (paired SE)   t = +0.68   frac improved = 0.49
      polarization_angle: rel/step (first 5) = [8.21e-01, 9.16e-01, 4.91e-01, 1.57e-01, 2.78e-02] ...
                          mean_cos_sim = +0.724   net/sum = 0.280   → AMBIGUOUS
                          probe Δcirc = -0.0378 ± 0.0558 (paired SE)   t = -0.68   frac improved = 0.50
                  mchirp: rel/step (first 5) = [1.76e-01, 5.74e-01, 1.53e+00, 8.06e-01, 7.86e-02] ...
                          mean_cos_sim = +0.470   net/sum = 0.111   → AMBIGUOUS
                          probe Δmse = -0.0723 ± 0.0323 (paired SE)   t = -2.24   frac improved = 0.52

──────────────────────────────────────────────────────────────────────────────────────────
  MODEL: tcn [early]
──────────────────────────────────────────────────────────────────────────────────────────
  fresh init (seed 42); warming up 200 steps on the training split ...
  warmup done (200 steps ≈ 1.02 epochs).
    batch total loss: 5.6438 → 5.2318 (Δ = -0.4120 over 25 steps)
               coa_phase: rel/step (first 5) = [2.09e-01, 2.12e-01, 3.08e-01, 3.56e-01, 8.20e-01] ...
                          mean_cos_sim = +0.827   net/sum = 0.292   → AMBIGUOUS
                          probe Δcirc = +0.0515 ± 0.0586 (paired SE)   t = +0.88   frac improved = 0.47
      polarization_angle: rel/step (first 5) = [1.68e-01, 2.50e-01, 1.16e+00, 2.04e+00, 7.21e-01] ...
                          mean_cos_sim = +0.908   net/sum = 0.145   → AMBIGUOUS
                          probe Δcirc = +0.0620 ± 0.0517 (paired SE)   t = +1.20   frac improved = 0.47
                  mchirp: rel/step (first 5) = [2.58e-01, 1.05e+00, 1.70e+00, 3.08e-01, 2.39e-01] ...
                          mean_cos_sim = +0.521   net/sum = 0.068   → AMBIGUOUS
                          probe Δmse = -0.1313 ± 0.0267 (paired SE)   t = -4.92   frac improved = 0.58

──────────────────────────────────────────────────────────────────────────────────────────
  MODEL: cnn_attention [early]
──────────────────────────────────────────────────────────────────────────────────────────
  fresh init (seed 42); warming up 200 steps on the training split ...
  warmup done (200 steps ≈ 1.02 epochs).
    batch total loss: 4.3348 → 3.1947 (Δ = -1.1401 over 25 steps)
               coa_phase: rel/step (first 5) = [3.83e-02, 4.11e-02, 5.84e-02, 7.37e-02, 5.02e-02] ...
                          mean_cos_sim = +0.886   net/sum = 0.432   → DIRECTIONAL (coherent drift)
                          probe Δcirc = -0.0157 ± 0.0281 (paired SE)   t = -0.56   frac improved = 0.51
      polarization_angle: rel/step (first 5) = [2.73e-02, 3.05e-02, 3.43e-02, 4.25e-02, 3.85e-02] ...
                          mean_cos_sim = +0.907   net/sum = 0.622   → DIRECTIONAL (coherent drift)
                          probe Δcirc = +0.0486 ± 0.0517 (paired SE)   t = +0.94   frac improved = 0.49
                  mchirp: rel/step (first 5) = [1.26e-01, 4.93e-02, 1.50e-01, 2.23e-01, 9.65e-02] ...
                          mean_cos_sim = +0.489   net/sum = 0.296   → AMBIGUOUS
                          probe Δmse = -0.5325 ± 0.0610 (paired SE)   t = -8.73   frac improved = 0.65

Report: /home/syedalimohsinbukhari/PycharmProjects/ml_practice_v2/experiments/phic_psi_poc-redo/perturbation_trace_output/perturbation_trace_early_20260916_114129.md
