====================================================================================================
INCLINATION-STRATIFIED ang_MAE — final epoch, all models, all periodic heads (REDO)
Bands: face-on |cos(iota)| > 0.9, edge-on |cos(iota)| < 0.5, mixed in between. Validation samples = 5000
====================================================================================================

────────────────────────────────────────────────────────────────────────────────────────────────────
  MODEL: poc_a (baseline)
────────────────────────────────────────────────────────────────────────────────────────────────────
  Building model from runs/phic_psi_poc_redo_a/20260915_051948 ...
  Predicting on 5000 samples ...

  coa_phase (period=6.2832, null=1.5708):
  Band       |cos iota| range            N    ang_MAE   circ_r    vs null
  ────────── ────────────────────── ────── ────────── ──────── ──────────
  face-on    [0.9, 1.0]               1442     1.5886   0.5295   -0.0178 ▲
  mixed      [0.5, 0.9]               1918     1.5670   0.5428   +0.0038 ▼
  edge-on    [0.0, 0.5)               1640     1.5680   0.5204   +0.0028 ▼
  ALL        —                        5000     1.5736   0.5315   -0.0028
  Improves face-on -> edge-on? YES

  polarization_angle (period=3.1416, null=0.7854):
  Band       |cos iota| range            N    ang_MAE   circ_r    vs null
  ────────── ────────────────────── ────── ────────── ──────── ──────────
  face-on    [0.9, 1.0]               1442     0.7926   0.9647   -0.0072 ▲
  mixed      [0.5, 0.9]               1918     0.7773   0.9679   +0.0080 ▼
  edge-on    [0.0, 0.5)               1640     0.7873   0.9636   -0.0019 ▲
  ALL        —                        5000     0.7850   0.9656   +0.0004
  Improves face-on -> edge-on? YES

  inclination (period=6.2832, null=1.5708):
  Band       |cos iota| range            N    ang_MAE   circ_r    vs null
  ────────── ────────────────────── ────── ────────── ──────── ──────────
  face-on    [0.9, 1.0]               1442     1.5241   0.6107   +0.0467 ▼
  mixed      [0.5, 0.9]               1918     1.5535   0.5948   +0.0173 ▼
  edge-on    [0.0, 0.5)               1640     1.5670   0.6055   +0.0038 ▼
  ALL        —                        5000     1.5494   0.6026   +0.0214
  Improves face-on -> edge-on? NO

────────────────────────────────────────────────────────────────────────────────────────────────────
  MODEL: poc_b (PoC)
────────────────────────────────────────────────────────────────────────────────────────────────────
  Building model from runs/phic_psi_poc_redo_b/20260915_061008 ...
  Predicting on 5000 samples ...

  coa_phase (period=6.2832, null=1.5708):
  Band       |cos iota| range            N    ang_MAE   circ_r    vs null
  ────────── ────────────────────── ────── ────────── ──────── ──────────
  face-on    [0.9, 1.0]               1442     1.5669   0.9697   +0.0039 ▼
  mixed      [0.5, 0.9]               1918     1.5863   0.9748   -0.0155 ▲
  edge-on    [0.0, 0.5)               1640     1.5585   0.9689   +0.0123 ▼
  ALL        —                        5000     1.5716   0.9713   -0.0008
  Improves face-on -> edge-on? YES

  polarization_angle (period=3.1416, null=0.7854):
  Band       |cos iota| range            N    ang_MAE   circ_r    vs null
  ────────── ────────────────────── ────── ────────── ──────── ──────────
  face-on    [0.9, 1.0]               1442     0.7956   0.9999   -0.0102 ▲
  mixed      [0.5, 0.9]               1918     0.7771   0.9999   +0.0083 ▼
  edge-on    [0.0, 0.5)               1640     0.7811   0.9999   +0.0043 ▼
  ALL        —                        5000     0.7837   0.9999   +0.0017
  Improves face-on -> edge-on? YES

  inclination (period=6.2832, null=1.5708):
  Band       |cos iota| range            N    ang_MAE   circ_r    vs null
  ────────── ────────────────────── ────── ────────── ──────── ──────────
  face-on    [0.9, 1.0]               1442     1.4910   0.5441   +0.0798 ▼
  mixed      [0.5, 0.9]               1918     1.5527   0.5132   +0.0181 ▼
  edge-on    [0.0, 0.5)               1640     1.5827   0.5506   -0.0119 ▲
  ALL        —                        5000     1.5448   0.5342   +0.0260
  Improves face-on -> edge-on? NO

────────────────────────────────────────────────────────────────────────────────────────────────────
  MODEL: tcn
────────────────────────────────────────────────────────────────────────────────────────────────────
  Building model from runs/phic_psi_redo_tcn/20260915_064106 ...
  Predicting on 5000 samples ...

  coa_phase (period=6.2832, null=1.5708):
  Band       |cos iota| range            N    ang_MAE   circ_r    vs null
  ────────── ────────────────────── ────── ────────── ──────── ──────────
  face-on    [0.9, 1.0]               1442     1.5348   0.8367   +0.0360 ▼
  mixed      [0.5, 0.9]               1918     1.5965   0.8374   -0.0257 ▲
  edge-on    [0.0, 0.5)               1640     1.6165   0.8353   -0.0457 ▲
  ALL        —                        5000     1.5853   0.8363   -0.0145
  Improves face-on -> edge-on? NO

  polarization_angle (period=3.1416, null=0.7854):
  Band       |cos iota| range            N    ang_MAE   circ_r    vs null
  ────────── ────────────────────── ────── ────────── ──────── ──────────
  face-on    [0.9, 1.0]               1442     0.7889   0.6299   -0.0035 ▲
  mixed      [0.5, 0.9]               1918     0.7692   0.6328   +0.0162 ▼
  edge-on    [0.0, 0.5)               1640     0.8094   0.6237   -0.0240 ▲
  ALL        —                        5000     0.7881   0.6288   -0.0027
  Improves face-on -> edge-on? NO

  inclination (period=6.2832, null=1.5708):
  Band       |cos iota| range            N    ang_MAE   circ_r    vs null
  ────────── ────────────────────── ────── ────────── ──────── ──────────
  face-on    [0.9, 1.0]               1442     1.5212   0.4480   +0.0496 ▼
  mixed      [0.5, 0.9]               1918     1.5404   0.4215   +0.0304 ▼
  edge-on    [0.0, 0.5)               1640     1.5561   0.4295   +0.0147 ▼
  ALL        —                        5000     1.5400   0.4315   +0.0308
  Improves face-on -> edge-on? NO

────────────────────────────────────────────────────────────────────────────────────────────────────
  MODEL: cnn_attention
────────────────────────────────────────────────────────────────────────────────────────────────────
  Building model from runs/phic_psi_redo_cnn_attention/20260915_054256 ...
  Predicting on 5000 samples ...

  coa_phase (period=6.2832, null=1.5708):
  Band       |cos iota| range            N    ang_MAE   circ_r    vs null
  ────────── ────────────────────── ────── ────────── ──────── ──────────
  face-on    [0.9, 1.0]               1442     1.6472   0.4082   -0.0764 ▲
  mixed      [0.5, 0.9]               1918     1.5763   0.3870   -0.0055 ▲
  edge-on    [0.0, 0.5)               1640     1.5669   0.3628   +0.0039 ▼
  ALL        —                        5000     1.5936   0.3847   -0.0228
  Improves face-on -> edge-on? YES

  polarization_angle (period=3.1416, null=0.7854):
  Band       |cos iota| range            N    ang_MAE   circ_r    vs null
  ────────── ────────────────────── ────── ────────── ──────── ──────────
  face-on    [0.9, 1.0]               1442     0.7805   0.3948   +0.0049 ▼
  mixed      [0.5, 0.9]               1918     0.7641   0.4082   +0.0212 ▼
  edge-on    [0.0, 0.5)               1640     0.7917   0.3826   -0.0063 ▲
  ALL        —                        5000     0.7779   0.3951   +0.0075
  Improves face-on -> edge-on? NO

  inclination (period=6.2832, null=1.5708):
  Band       |cos iota| range            N    ang_MAE   circ_r    vs null
  ────────── ────────────────────── ────── ────────── ──────── ──────────
  face-on    [0.9, 1.0]               1442     1.4970   0.3000   +0.0738 ▼
  mixed      [0.5, 0.9]               1918     1.5271   0.3249   +0.0437 ▼
  edge-on    [0.0, 0.5)               1640     1.5593   0.3275   +0.0115 ▼
  ALL        —                        5000     1.5290   0.3172   +0.0418
  Improves face-on -> edge-on? NO


====================================================================================================
SUMMARY: Inclination-stratified ang_MAE — all models, all periodic heads
====================================================================================================

────────────────────────────────────────────────────────────────────────────────────────────────────
  coa_phase (null = 1.5708 rad)
────────────────────────────────────────────────────────────────────────────────────────────────────
Model                       ALL     face-on       mixed     edge-on     improves?
---------------------------------------------------------------------------------
poc_a (baseline)         1.5736      1.5886      1.5670      1.5680           YES
poc_b (PoC)              1.5716      1.5669      1.5863      1.5585           YES
tcn                      1.5853      1.5348      1.5965      1.6165            NO
cnn_attention            1.5936      1.6472      1.5763      1.5669           YES

────────────────────────────────────────────────────────────────────────────────────────────────────
  polarization_angle (null = 0.7854 rad)
────────────────────────────────────────────────────────────────────────────────────────────────────
Model                       ALL     face-on       mixed     edge-on     improves?
---------------------------------------------------------------------------------
poc_a (baseline)         0.7850      0.7926      0.7773      0.7873           YES
poc_b (PoC)              0.7837      0.7956      0.7771      0.7811           YES
tcn                      0.7881      0.7889      0.7692      0.8094            NO
cnn_attention            0.7779      0.7805      0.7641      0.7917            NO

────────────────────────────────────────────────────────────────────────────────────────────────────
  inclination (null = 1.5708 rad)
────────────────────────────────────────────────────────────────────────────────────────────────────
Model                       ALL     face-on       mixed     edge-on     improves?
---------------------------------------------------------------------------------
poc_a (baseline)         1.5494      1.5241      1.5535      1.5670            NO
poc_b (PoC)              1.5448      1.4910      1.5527      1.5827            NO
tcn                      1.5400      1.5212      1.5404      1.5561            NO
cnn_attention            1.5290      1.4970      1.5271      1.5593            NO


====================================================================================================
KEY TEST: edge-on-band ang_MAE vs null expectation
  (If even the edge-on band shows no improvement, the degeneracy is exact
  across the population as tested, not just at face-on)
====================================================================================================

  coa_phase (null = 1.5708 rad):
  Model                     Edge-on MAE  Δ from null              verdict
  ────────────────────── ────────────── ──────────── ────────────────────
  poc_a (baseline)               1.5680      +0.0028          at baseline
  poc_b (PoC)                    1.5585      +0.0123           negligible
  tcn                            1.6165      -0.0457  WORSE than baseline
  cnn_attention                  1.5669      +0.0039          at baseline

  polarization_angle (null = 0.7854 rad):
  Model                     Edge-on MAE  Δ from null              verdict
  ────────────────────── ────────────── ──────────── ────────────────────
  poc_a (baseline)               0.7873      -0.0019          at baseline
  poc_b (PoC)                    0.7811      +0.0043          at baseline
  tcn                            0.8094      -0.0240  WORSE than baseline
  cnn_attention                  0.7917      -0.0063  WORSE than baseline

  inclination (null = 1.5708 rad):
  Model                     Edge-on MAE  Δ from null              verdict
  ────────────────────── ────────────── ──────────── ────────────────────
  poc_a (baseline)               1.5670      +0.0038          at baseline
  poc_b (PoC)                    1.5827      -0.0119  WORSE than baseline
  tcn                            1.5561      +0.0147           negligible
  cnn_attention                  1.5593      +0.0115           negligible


Markdown report: experiments/phic_psi_poc-redo/inclination_output/inclination_stratification_20260916_113601.md
Done.
